// Jest Snapshot v1, https://goo.gl/fbAQLP

exports[`renders according to the snapshot 1`] = `
ShallowWrapper {
  "length": 1,
  Symbol(enzyme.__root__): [Circular],
  Symbol(enzyme.__unrendered__): <Dashboard
    dashboardItems={
        Array [
            Object {
              "id": 1234,
              "name": "foo",
            },
            Object {
              "id": 2345,
              "name": "bar",
            },
          ]
    }
    saveDashboardItem={[Function]}
/>,
  Symbol(enzyme.__renderer__): Object {
    "batchedUpdates": [Function],
    "getNode": [Function],
    "render": [Function],
    "simulateEvent": [Function],
    "unmount": [Function],
  },
  Symbol(enzyme.__node__): Object {
    "instance": null,
    "key": undefined,
    "nodeType": "host",
    "props": Object {
      "children": Array [
        <div
          className="dashboard__items"
>
          <div
                    className="dashboard__item"
          >
                    <span
                              className="dashboard__item-inner"
                    >
                              foo
                    </span>
          </div>
          <div
                    className="dashboard__item"
          >
                    <span
                              className="dashboard__item-inner"
                    >
                              bar
                    </span>
          </div>
</div>,
        <button
          className="dashboard__add-icon"
          onClick={[Function]}
>
          <span
                    className="dashboard__add-icon-bar dashboard__add-icon-bar--horizontal"
          />
          <span
                    className="dashboard__add-icon-bar dashboard__add-icon-bar--vertical"
          />
</button>,
      ],
      "className": "dashboard",
    },
    "ref": null,
    "rendered": Array [
      Object {
        "instance": null,
        "key": undefined,
        "nodeType": "host",
        "props": Object {
          "children": Array [
            <div
              className="dashboard__item"
>
              <span
                            className="dashboard__item-inner"
              >
                            foo
              </span>
</div>,
            <div
              className="dashboard__item"
>
              <span
                            className="dashboard__item-inner"
              >
                            bar
              </span>
</div>,
          ],
          "className": "dashboard__items",
        },
        "ref": null,
        "rendered": Array [
          Object {
            "instance": null,
            "key": "1234",
            "nodeType": "host",
            "props": Object {
              "children": <span
                className="dashboard__item-inner"
>
                foo
</span>,
              "className": "dashboard__item",
            },
            "ref": null,
            "rendered": Object {
              "instance": null,
              "key": undefined,
              "nodeType": "host",
              "props": Object {
                "children": "foo",
                "className": "dashboard__item-inner",
              },
              "ref": null,
              "rendered": "foo",
              "type": "span",
            },
            "type": "div",
          },
          Object {
            "instance": null,
            "key": "2345",
            "nodeType": "host",
            "props": Object {
              "children": <span
                className="dashboard__item-inner"
>
                bar
</span>,
              "className": "dashboard__item",
            },
            "ref": null,
            "rendered": Object {
              "instance": null,
              "key": undefined,
              "nodeType": "host",
              "props": Object {
                "children": "bar",
                "className": "dashboard__item-inner",
              },
              "ref": null,
              "rendered": "bar",
              "type": "span",
            },
            "type": "div",
          },
        ],
        "type": "div",
      },
      Object {
        "instance": null,
        "key": undefined,
        "nodeType": "host",
        "props": Object {
          "children": Array [
            <span
              className="dashboard__add-icon-bar dashboard__add-icon-bar--horizontal"
/>,
            <span
              className="dashboard__add-icon-bar dashboard__add-icon-bar--vertical"
/>,
          ],
          "className": "dashboard__add-icon",
          "onClick": [Function],
        },
        "ref": null,
        "rendered": Array [
          Object {
            "instance": null,
            "key": undefined,
            "nodeType": "host",
            "props": Object {
              "className": "dashboard__add-icon-bar dashboard__add-icon-bar--horizontal",
            },
            "ref": null,
            "rendered": null,
            "type": "span",
          },
          Object {
            "instance": null,
            "key": undefined,
            "nodeType": "host",
            "props": Object {
              "className": "dashboard__add-icon-bar dashboard__add-icon-bar--vertical",
            },
            "ref": null,
            "rendered": null,
            "type": "span",
          },
        ],
        "type": "button",
      },
    ],
    "type": "div",
  },
  Symbol(enzyme.__nodes__): Array [
    Object {
      "instance": null,
      "key": undefined,
      "nodeType": "host",
      "props": Object {
        "children": Array [
          <div
            className="dashboard__items"
>
            <div
                        className="dashboard__item"
            >
                        <span
                                    className="dashboard__item-inner"
                        >
                                    foo
                        </span>
            </div>
            <div
                        className="dashboard__item"
            >
                        <span
                                    className="dashboard__item-inner"
                        >
                                    bar
                        </span>
            </div>
</div>,
          <button
            className="dashboard__add-icon"
            onClick={[Function]}
>
            <span
                        className="dashboard__add-icon-bar dashboard__add-icon-bar--horizontal"
            />
            <span
                        className="dashboard__add-icon-bar dashboard__add-icon-bar--vertical"
            />
</button>,
        ],
        "className": "dashboard",
      },
      "ref": null,
      "rendered": Array [
        Object {
          "instance": null,
          "key": undefined,
          "nodeType": "host",
          "props": Object {
            "children": Array [
              <div
                className="dashboard__item"
>
                <span
                                className="dashboard__item-inner"
                >
                                foo
                </span>
</div>,
              <div
                className="dashboard__item"
>
                <span
                                className="dashboard__item-inner"
                >
                                bar
                </span>
</div>,
            ],
            "className": "dashboard__items",
          },
          "ref": null,
          "rendered": Array [
            Object {
              "instance": null,
              "key": "1234",
              "nodeType": "host",
              "props": Object {
                "children": <span
                  className="dashboard__item-inner"
>
                  foo
</span>,
                "className": "dashboard__item",
              },
              "ref": null,
              "rendered": Object {
                "instance": null,
                "key": undefined,
                "nodeType": "host",
                "props": Object {
                  "children": "foo",
                  "className": "dashboard__item-inner",
                },
                "ref": null,
                "rendered": "foo",
                "type": "span",
              },
              "type": "div",
            },
            Object {
              "instance": null,
              "key": "2345",
              "nodeType": "host",
              "props": Object {
                "children": <span
                  className="dashboard__item-inner"
>
                  bar
</span>,
                "className": "dashboard__item",
              },
              "ref": null,
              "rendered": Object {
                "instance": null,
                "key": undefined,
                "nodeType": "host",
                "props": Object {
                  "children": "bar",
                  "className": "dashboard__item-inner",
                },
                "ref": null,
                "rendered": "bar",
                "type": "span",
              },
              "type": "div",
            },
          ],
          "type": "div",
        },
        Object {
          "instance": null,
          "key": undefined,
          "nodeType": "host",
          "props": Object {
            "children": Array [
              <span
                className="dashboard__add-icon-bar dashboard__add-icon-bar--horizontal"
/>,
              <span
                className="dashboard__add-icon-bar dashboard__add-icon-bar--vertical"
/>,
            ],
            "className": "dashboard__add-icon",
            "onClick": [Function],
          },
          "ref": null,
          "rendered": Array [
            Object {
              "instance": null,
              "key": undefined,
              "nodeType": "host",
              "props": Object {
                "className": "dashboard__add-icon-bar dashboard__add-icon-bar--horizontal",
              },
              "ref": null,
              "rendered": null,
              "type": "span",
            },
            Object {
              "instance": null,
              "key": undefined,
              "nodeType": "host",
              "props": Object {
                "className": "dashboard__add-icon-bar dashboard__add-icon-bar--vertical",
              },
              "ref": null,
              "rendered": null,
              "type": "span",
            },
          ],
          "type": "button",
        },
      ],
      "type": "div",
    },
  ],
  Symbol(enzyme.__options__): Object {
    "adapter": ReactSixteenAdapter {
      "options": Object {
        "enableComponentDidUpdateOnSetState": true,
      },
    },
  },
}
`;
