// Jest Snapshot v1, https://goo.gl/fbAQLP

exports[`renders according to the snapshot 1`] = `
ShallowWrapper {
  "length": 1,
  Symbol(enzyme.__root__): [Circular],
  Symbol(enzyme.__unrendered__): <Sidebar />,
  Symbol(enzyme.__renderer__): Object {
    "batchedUpdates": [Function],
    "getNode": [Function],
    "render": [Function],
    "simulateEvent": [Function],
    "unmount": [Function],
  },
  Symbol(enzyme.__node__): Object {
    "instance": null,
    "key": undefined,
    "nodeType": "host",
    "props": Object {
      "children": Array [
        <Link
          className="sidebar__item"
          replace={false}
          to="/"
>
          Dashboard
</Link>,
        <Link
          className="sidebar__item"
          replace={false}
          to="/settings"
>
          Settings
</Link>,
      ],
      "className": "sidebar",
    },
    "ref": null,
    "rendered": Array [
      Object {
        "instance": null,
        "key": undefined,
        "nodeType": "class",
        "props": Object {
          "children": "Dashboard",
          "className": "sidebar__item",
          "replace": false,
          "to": "/",
        },
        "ref": null,
        "rendered": "Dashboard",
        "type": [Function],
      },
      Object {
        "instance": null,
        "key": undefined,
        "nodeType": "class",
        "props": Object {
          "children": "Settings",
          "className": "sidebar__item",
          "replace": false,
          "to": "/settings",
        },
        "ref": null,
        "rendered": "Settings",
        "type": [Function],
      },
    ],
    "type": "nav",
  },
  Symbol(enzyme.__nodes__): Array [
    Object {
      "instance": null,
      "key": undefined,
      "nodeType": "host",
      "props": Object {
        "children": Array [
          <Link
            className="sidebar__item"
            replace={false}
            to="/"
>
            Dashboard
</Link>,
          <Link
            className="sidebar__item"
            replace={false}
            to="/settings"
>
            Settings
</Link>,
        ],
        "className": "sidebar",
      },
      "ref": null,
      "rendered": Array [
        Object {
          "instance": null,
          "key": undefined,
          "nodeType": "class",
          "props": Object {
            "children": "Dashboard",
            "className": "sidebar__item",
            "replace": false,
            "to": "/",
          },
          "ref": null,
          "rendered": "Dashboard",
          "type": [Function],
        },
        Object {
          "instance": null,
          "key": undefined,
          "nodeType": "class",
          "props": Object {
            "children": "Settings",
            "className": "sidebar__item",
            "replace": false,
            "to": "/settings",
          },
          "ref": null,
          "rendered": "Settings",
          "type": [Function],
        },
      ],
      "type": "nav",
    },
  ],
  Symbol(enzyme.__options__): Object {
    "adapter": ReactSixteenAdapter {
      "options": Object {
        "enableComponentDidUpdateOnSetState": true,
      },
    },
  },
}
`;
